ClioInput - version 2.3 - build 1590 21/06/2018 12:00 
9-9-2023 14-44

Processing data file:/Users/jrc/develop/timelink-kleio/tests/kleio-home/sources/reference_translations/notariais/notarial80.cli
-------------------------------------------
Generic Act translation module with geoentities (XML).
     Joaquim Ramos de Carvalho (joaquim@uc.pt) 
** New document: kleio
=========================
kleio translation started
=========================
Structure: gacto.str
Prefix: 
Autorel: 
Translation count: 
Obs: 
Translation count not set or invalid, counting as zero: 
** Processing source fonte$notarial80
6: escritura$not1780-e1
36: escritura$not1780-e2
59: escritura$not1780-e3
77: escritura$not1780-e4
149: escritura$not1780-e5
191: escritura$not1780-e6
242: escritura$not1780-e7
268: escritura$not1780-e8
316: escritura$not1780-e9

ERROR: notarial80.cli line 342 ** Error: missing element(s) in atr(att-29) must have: 
Near lines: 342             atr$localizacao
Near lines: 343             atr$valor/20000 reis

359: escritura$not1780-e10
400: escritura$not1780-e11
443: escritura$not1780-e12
477: escritura$not1780-e13
540: escritura$not1780-e14
569: escritura$not1780-e15
634: escritura$not1780-e16
697: escritura$not1780-e17
777: escritura$not1780-e18
806: escritura$not1780-e19
866: escritura$not1780-e20
898: escritura$not1780-e22
926: escritura$not1780-e21
*** End of File


1  errors. 
0  warnings.
Translation finished.
